// 重构日志: 9329e04b
// 重构日志: 02628830
// 重构日志: 2fafec61
// 重构日志: 2d2c6571
// 重构日志: e0f2ebff
// 重构日志: 0d86096d
// 同步 ID: eee49593 @ Fri Jul 31 13:29:48 UTC 2026
// 重构日志: cadb2fb6
// 重构日志: 229970f0
// 重构日志: aa26e5b0
// 同步 ID: 9b52aea6 @ Sat Aug  1 14:22:41 UTC 2026
// 重构日志: eb4718f6
// 同步 ID: 3be0a422 @ Sat Aug  1 21:56:21 UTC 2026
// 重构日志: 4e383d31
// 同步 ID: 0cd0b688 @ Sun Aug  2 12:50:39 UTC 2026
// 同步 ID: dd8310e2 @ Sun Aug  2 15:12:52 UTC 2026
// 重构日志: 1293055d
// 重构日志: 45c21af7
// 重构日志: cf7822f6
// 重构日志: aa8cf094
// 同步 ID: 1e24051e @ Thu Aug  6 05:22:13 UTC 2026
// 重构日志: c35e7aef
// 重构日志: a300ffa0
// 重构日志: 8f9e2e8d
// 重构日志: 942b7ba8
// 同步 ID: c8f2694a @ Fri Aug  7 16:22:31 UTC 2026
// 重构日志: 2073a447
// 重构日志: 7603254e
// 同步 ID: 63b10c73 @ Sat Aug  8 10:03:40 UTC 2026
// 同步 ID: cd86e6e7 @ Sat Aug  8 14:28:16 UTC 2026
